Read	.init.scripts.exists "winbind" true
Read	.init.scripts.exists "winbind" true
Read	.init.scripts.runlevel "winbind" nil
Read	.init.scripts.comment "winbind" nil
Execute	.target.bash_output "/sbin/insserv -d /etc/init.d/winbind" $["exit":0]
Read	.init.scripts.exists "winbind" true
Execute	.target.bash "/etc/init.d/winbind status" $["TERM":"raw"] 0
Read	.init.scripts.exists "nscd" true
Execute	.target.bash "/etc/init.d/nscd status" $["TERM":"raw"] 0
Execute	.target.bash "/etc/init.d/nscd restart" $["TERM":"raw"] 0
Return	true
Dump	true
Dump	true
Dump	user
Read	.init.scripts.exists "winbind" true
Read	.init.scripts.exists "winbind" true
Read	.init.scripts.runlevel "winbind" nil
Read	.init.scripts.comment "winbind" nil
Read	.init.scripts.exists "winbind" true
Execute	.target.bash "/etc/init.d/winbind status" $["TERM":"raw"] 0
Execute	.target.bash "/etc/init.d/winbind stop" $["TERM":"raw"] 0
Return	true
Dump	true
Dump	false
Dump	user
