Return	$["global":$["winbind":true, "workgroup":"testing"]]
Return	$["global":$["winbind":false, "workgroup":"othertesting"]]
