Dump	WORKGROUP
Dump	false
Dump	nil
Dump	nil
Dump	user
Dump	false
Return	true
Dump	testing
Dump	true
Dump	nil
Dump	nil
Dump	user
Dump	false
