Execute	.target.bash "/usr/bin/nmbstatus --quiet --pdc --workgroup MYDOMAIN" 0
Return	true
Execute	.target.bash "/usr/bin/nmbstatus --quiet --pdc --workgroup MYDOMAIN" 1
Return	false
