$VAR1 = 'ShareRemove';
$VAR2 = 1;
$VAR3 = 1;
$VAR4 = 1;
$VAR1 = 'ShareExists';
$VAR2 = 1;
$VAR3 = 1;
$VAR4 = 1;
$VAR1 = 'ShareKeys';
$VAR2 = 1;
$VAR3 = 1;
$VAR4 = 1;
$VAR1 = 'ShareSetStr';
$VAR2 = 1;
$VAR3 = 1;
$VAR4 = 1;
$VAR5 = 1;
$VAR6 = 1;
$VAR7 = 1;
$VAR8 = 1;
$VAR9 = 1;
$VAR10 = 1;
$VAR11 = 1;
$VAR12 = 1;
$VAR13 = 1;
$VAR14 = 1;
$VAR1 = 'ShareGetKey';
$VAR2 = 1;
$VAR3 = 1;
$VAR4 = 1;
$VAR5 = 1;
$VAR6 = 1;
$VAR7 = 1;
$VAR1 = 'ShareGetTruth (+inverted synonyms)';
$VAR2 = 1;
$VAR3 = 1;
$VAR4 = 1;
$VAR5 = 1;
$VAR6 = 1;
$VAR7 = 1;
$VAR8 = 1;
$VAR9 = 1;
$VAR10 = 1;
$VAR1 = 'ShareGetInt';
$VAR2 = 1;
$VAR3 = 1;
$VAR4 = 1;
$VAR5 = 1;
$VAR6 = 1;
$VAR1 = 'ShareSetInt, ShareSetTruth';
$VAR2 = 1;
$VAR3 = 1;
$VAR4 = 1;
$VAR5 = 1;
$VAR6 = 1;
$VAR7 = 1;
$VAR8 = 1;
$VAR1 = 'Share Enable/Disable/Adjust/Enabled';
$VAR2 = 1;
$VAR3 = 1;
$VAR4 = 1;
$VAR5 = 1;
$VAR6 = 1;
$VAR7 = 1;
$VAR8 = 1;
$VAR9 = 1;
$VAR10 = 1;
$VAR11 = 1;
$VAR12 = 1;
$VAR13 = 1;
$VAR1 = 'Share Get/Set/Update Map';
$VAR2 = 1;
$VAR3 = 1;
$VAR4 = 1;
$VAR5 = 1;
$VAR6 = 1;
$VAR7 = 1;
$VAR8 = 1;
$VAR9 = 1;
$VAR1 = 'Share Get/Set Modified';
$VAR2 = 1;
$VAR3 = 1;
$VAR4 = 1;
$VAR5 = 1;
$VAR6 = 1;
$VAR7 = 1;
$VAR1 = 'Share Get/Set Comment';
$VAR2 = 1;
$VAR3 = 1;
$VAR4 = 1;
$VAR5 = 1;
$VAR6 = 1;
$VAR7 = 1;
