$VAR1 = 0;
$VAR1 = 1;
$VAR1 = 0;
$VAR1 = 1;
$VAR1 = [
          'a'
        ];
