Read	.init.scripts.exists "nscd" true
Read	.init.scripts.runlevel "nscd" $[]
Dump	true
Dump	true
Dump	true
Dump	false
Dump	false
Dump	true
