Read	.etc.nsswitch_conf.passwd "compat ldap"
Write	.etc.nsswitch_conf.passwd "compat ldap" true
Read	.etc.nsswitch_conf.group "compat ldap"
Write	.etc.nsswitch_conf.group "compat ldap" true
Write	.etc.nsswitch_conf nil true
Dir	.etc.security.section: []
Read	.etc.security.v."pam_unix2"."auth" nil
Dir	.etc.security.section: []
Read	.etc.security.v."pam_unix2"."account" nil
Return	nil
Read	.etc.nsswitch_conf.passwd "compat ldap winbind"
Write	.etc.nsswitch_conf.passwd "compat ldap" true
Read	.etc.nsswitch_conf.group "compat ldap winbind"
Write	.etc.nsswitch_conf.group "compat ldap" true
Write	.etc.nsswitch_conf nil true
Dir	.etc.security.section: []
Read	.etc.security.v."pam_unix2"."auth" nil
Dir	.etc.security.section: []
Read	.etc.security.v."pam_unix2"."account" nil
Return	nil
Write	.etc.smb.value.global."idmap uid" "10000-20000" true
Write	.etc.smb.value.global."idmap gid" "10000-20000" true
Write	.etc.smb.value.global.security "domain" true
Read	.etc.nsswitch_conf.passwd "compat ldap"
Write	.etc.nsswitch_conf.passwd "compat ldap winbind" true
Read	.etc.nsswitch_conf.group "compat ldap"
Write	.etc.nsswitch_conf.group "compat ldap winbind" true
Write	.etc.nsswitch_conf nil true
Dir	.etc.security.section: []
Read	.etc.security.v."pam_unix2"."auth" nil
Dir	.etc.security.section: []
Read	.etc.security.v."pam_unix2"."auth" nil
Dir	.etc.security.section: []
Write	.etc.security.v."pam_unix2"."auth" "call_modules=winbind" true
Dir	.etc.security.section: []
Read	.etc.security.v."pam_unix2"."account" nil
Dir	.etc.security.section: []
Read	.etc.security.v."pam_unix2"."account" nil
Dir	.etc.security.section: []
Write	.etc.security.v."pam_unix2"."account" "call_modules=winbind" true
Return	nil
Write	.etc.smb.value.global."idmap uid" "30000-39999" true
Write	.etc.smb.value.global."idmap gid" "30000-39999" true
Write	.etc.smb.value.global.security "domain" true
Read	.etc.nsswitch_conf.passwd "compat ldap"
Write	.etc.nsswitch_conf.passwd "compat ldap winbind" true
Read	.etc.nsswitch_conf.group "compat ldap"
Write	.etc.nsswitch_conf.group "compat ldap winbind" true
Write	.etc.nsswitch_conf nil true
Dir	.etc.security.section: []
Read	.etc.security.v."pam_unix2"."auth" nil
Dir	.etc.security.section: []
Read	.etc.security.v."pam_unix2"."auth" nil
Dir	.etc.security.section: []
Write	.etc.security.v."pam_unix2"."auth" "call_modules=winbind" true
Dir	.etc.security.section: []
Read	.etc.security.v."pam_unix2"."account" nil
Dir	.etc.security.section: []
Read	.etc.security.v."pam_unix2"."account" nil
Dir	.etc.security.section: []
Write	.etc.security.v."pam_unix2"."account" "call_modules=winbind" true
Return	nil
