$VAR1 = 1;
$VAR2 = 1;
$VAR3 = 1;
$VAR1 = 1;
$VAR2 = 1;
